// Jest Snapshot v1, https://jestjs.io/docs/snapshot-testing

exports[`App renders correctly 1`] = `
<View
  style={
    {
      "alignItems": "center",
      "flex": 1,
      "justifyContent": "center",
    }
  }
>
  <Text>
    Todo List
  </Text>
  <RCTScrollView
    data={
      [
        {
          "id": 1,
          "title": "Test Todo 1",
        },
        {
          "id": 2,
          "title": "Test Todo 2",
        },
      ]
    }
    getItem={[Function]}
    getItemCount={[Function]}
    keyExtractor={[Function]}
    onContentSizeChange={[Function]}
    onLayout={[Function]}
    onMomentumScrollBegin={[Function]}
    onMomentumScrollEnd={[Function]}
    onScroll={[Function]}
    onScrollBeginDrag={[Function]}
    onScrollEndDrag={[Function]}
    removeClippedSubviews={false}
    renderItem={[Function]}
    scrollEventThrottle={0.0001}
    stickyHeaderIndices={[]}
    viewabilityConfigCallbackPairs={[]}
  >
    <View>
      <View
        onFocusCapture={[Function]}
        onLayout={[Function]}
        style={null}
      >
        <Text>
          Test Todo 1
        </Text>
      </View>
      <View
        onFocusCapture={[Function]}
        onLayout={[Function]}
        style={null}
      >
        <Text>
          Test Todo 2
        </Text>
      </View>
    </View>
  </RCTScrollView>
</View>
`;
